
> ems_backend@1.0.0 test
> cross-env NODE_ENV=test jest --runInBand

[0mPOST /auth/register [32m201[0m 536.705 ms - 76[0m
[0mPOST /auth/verify-otp [32m200[0m 262.596 ms - 234[0m
[0mPOST /vendors/request [32m201[0m 11.796 ms - 395[0m
[0mPOST /auth/register [32m201[0m 230.718 ms - 76[0m
[0mPOST /auth/verify-otp [32m200[0m 288.566 ms - 234[0m
[0mPOST /auth/login [32m200[0m 255.126 ms - 230[0m
[0mPATCH /vendors/421f08b3-d739-475e-8aeb-ab094dfceaa8/review [33m403[0m 3.520 ms - 49[0m
[0mPATCH /vendors/421f08b3-d739-475e-8aeb-ab094dfceaa8/review [33m400[0m 40.886 ms - 75[0m
npm : FAIL tests/integrati
on/vendor.review.test.js
At line:1 char:1
+ npm run test > 
test_output.txt 2>&1
+ ~~~~~~~~~~~~~~~~~~~~~~~~
~~~~~~~~~~~
    + CategoryInfo        
      : NotSpecified: (F  
  AIL tests/inte....rev   
 iew.test.js:String) [    
], RemoteException
    + FullyQualifiedError 
   Id : NativeCommandErr  
  or
 
  ΓùÅ Console

    console.log
      [dotenv@17.3.1] 
injecting env (17) from 
.env -- tip: ΓÜÖ∩╕Å  
write to custom object 
with { processEnv: 
myObject }

      at _log (node_module
s/dotenv/lib/main.js:139:1
1)

    console.log
      [dotenv@17.3.1] 
injecting env (0) from 
.env -- tip: ΓÜÖ∩╕Å  
specify custom .env file 
path with { path: 
'/custom/path/.env' }

      at _log (node_module
s/dotenv/lib/main.js:139:1
1)

    console.error
      error: column 
"business_name" of 
relation "users" does not 
exist
          at D:\python\git
hub\Utsavya\node_modules\p
g-pool\index.js:45:11
          at 
processTicksAndRejections 
(node:internal/process/tas
k_queues:95:5)
          at 
promoteUserToVendor (D:\py
thon\github\Utsavya\src\mo
dels\vendor.model.js:81:5)
          at 
reviewVendorRequest (D:\py
thon\github\Utsavya\src\se
rvices\vendor.services.js:
56:9)
          at D:\python\git
hub\Utsavya\src\controller
s\vendor.controller.js:20:
21

    [0m [90m 91 |[39m 
[90m// Global Error 
Handler[39m
     [90m 92 |[39m app[
33m.[39muse((err[33m,[3
9m req[33m,[39m 
res[33m,[39m next) 
[33m=>[39m {
    
[31m[1m>[22m[39m[90m 
93 |[39m     console[33m
.[39merror(err[33m.[39m
stack)[33m;[39m
     [90m    |[39m      
       
[31m[1m^[22m[39m
     [90m 94 |[39m     
[36mconst[39m status 
[33m=[39m 
err[33m.[39mstatus 
[33m||[39m 
[35m500[39m[33m;[39m
     [90m 95 |[39m     
[36mconst[39m message 
[33m=[39m 
err[33m.[39mmessage 
[33m||[39m 
[32m"Internal Server 
Error"[39m[33m;[39m
     [90m 96 |[39m     r
es[33m.[39mstatus(status
)[33m.[39mjson({ 
message })[33m;[39m[0m

      at error 
(src/index.js:93:13)
      at 
Layer.handleError (node_mo
dules/router/lib/layer.js:
116:17)
      at trimPrefix (node_
modules/router/index.js:34
0:13)
      at node_modules/rout
er/index.js:297:9
      at processParams (no
de_modules/router/index.js
:582:12)
      at next (node_module
s/router/index.js:291:5)
      at node_modules/rout
er/index.js:688:15
      at next (node_module
s/router/index.js:276:14)
      at next (node_module
s/router/lib/route.js:132:
14)
      at next (src/utils/a
syncHandler.js:9:9)

    console.error
      Error: Request 
already reviewed
          at 
reviewVendorRequest (D:\py
thon\github\Utsavya\src\se
rvices\vendor.services.js:
41:15)
          at 
processTicksAndRejections 
(node:internal/process/tas
k_queues:95:5)
          at D:\python\git
hub\Utsavya\src\controller
s\vendor.controller.js:20:
21

    [0m [90m 91 |[39m 
[90m// Global Error 
Handler[39m
     [90m 92 |[39m app[
33m.[39muse((err[33m,[3
9m req[33m,[39m 
res[33m,[39m next) 
[33m=>[39m {
    
[31m[1m>[22m[39m[90m 
93 |[39m     console[33m
.[39merror(err[33m.[39m
stack)[33m;[39m
     [90m    |[39m      
       
[31m[1m^[22m[39m
     [90m 94 |[39m     
[36mconst[39m status 
[33m=[39m 
err[33m.[39mstatus 
[33m||[39m 
[35m500[39m[33m;[39m
     [90m 95 |[39m     
[36mconst[39m message 
[33m=[39m 
err[33m.[39mmessage 
[33m||[39m 
[32m"Internal Server 
Error"[39m[33m;[39m
     [90m 96 |[39m     r
es[33m.[39mstatus(status
)[33m.[39mjson({ 
message })[33m;[39m[0m

      at error 
(src/index.js:93:13)
      at 
Layer.handleError (node_mo
dules/router/lib/layer.js:
116:17)
      at trimPrefix (node_
modules/router/index.js:34
0:13)
      at node_modules/rout
er/index.js:297:9
      at processParams (no
de_modules/router/index.js
:582:12)
      at next (node_module
s/router/index.js:291:5)
      at node_modules/rout
er/index.js:688:15
      at next (node_module
s/router/index.js:276:14)
      at next (node_module
s/router/lib/route.js:132:
14)
      at next (src/utils/a
syncHandler.js:9:9)

  ΓùÅ Vendor Review API 
ΓÇ║ admin can approve 
vendor request

    expect(received).toBe(
expected) // Object.is 
equality

    Expected: 200
    Received: 400

    [0m [90m 111 |[39m 
            })[33m;[39m
     [90m 112 |[39m
    
[31m[1m>[22m[39m[90m 
113 |[39m         expect(
res[33m.[39mstatusCode)
[33m.[39mtoBe([35m200[3
9m)[33m;[39m
     [90m     |[39m     
                          
 [31m[1m^[22m[39m
     [90m 114 |[39m     
    expect(res[33m.[39mb
ody[33m.[39mstatus)[33m
.[39mtoBe([32m"approved"
[39m)[33m;[39m
     [90m 115 |[39m     
})[33m;[39m
     [90m 116 |[39m[0m

      at Object.toBe (test
s/integration/vendor.revie
w.test.js:113:32)

[0mPATCH /vendors/421f08b3-d739-475e-8aeb-ab094dfceaa8/review [33m400[0m 85.927 ms - 38[0m
[0mPOST /auth/register [32m201[0m 384.926 ms - 76[0m
[0mPOST /auth/verify-otp [32m200[0m 245.502 ms - 234[0m
[0mPOST /auth/login [32m200[0m 235.560 ms - 234[0m
[0mPOST /auth/register [32m201[0m 249.937 ms - 76[0m
FAIL tests/integration/pro
file.security.test.js
  ΓùÅ Console

    console.log
      [dotenv@17.3.1] 
injecting env (17) from 
.env -- tip: ≡ƒñû agentic 
secret storage: 
https://dotenvx.com/as2

      at _log (node_module
s/dotenv/lib/main.js:139:1
1)

    console.log
      [dotenv@17.3.1] 
injecting env (0) from 
.env -- tip: ≡ƒ¢á∩╕Å  run 
anywhere with `dotenvx 
run -- yourcommand`

      at _log (node_module
s/dotenv/lib/main.js:139:1
1)

  ΓùÅ Profile & Security 
Integration ΓÇ║ Γ£ö 
Customer can update their 
personal name

    error: column 
"business_name" of 
relation "users" does not 
exist

    [0m [90m 33 |[39m  
       
     [90m 34 |[39m      
   [90m// Promote to 
vendor with business 
details[39m
    
[31m[1m>[22m[39m[90m 
35 |[39m         
[36mawait[39m 
pool[33m.[39mquery(
     [90m    |[39m      
   [31m[1m^[22m[39m
     [90m 36 |[39m      
       [32m"UPDATE users 
SET role = 'vendor', 
business_name = 'Original 
Corp', business_city = 
'New York' WHERE id = 
$1"[39m[33m,[39m
     [90m 37 |[39m      
       [vendorId]
     [90m 38 |[39m      
   )[33m;[39m[0m

      at node_modules/pg-p
ool/index.js:45:11
      at 
Object.<anonymous> (tests/
integration/profile.securi
ty.test.js:35:9)

  ΓùÅ Profile & Security 
Integration ΓÇ║ Γ£ö 
Vendor can update 
personal details but NOT 
business name

    error: column 
"business_name" of 
relation "users" does not 
exist

    [0m [90m 33 |[39m  
       
     [90m 34 |[39m      
   [90m// Promote to 
vendor with business 
details[39m
    
[31m[1m>[22m[39m[90m 
35 |[39m         
[36mawait[39m 
pool[33m.[39mquery(
     [90m    |[39m      
   [31m[1m^[22m[39m
     [90m 36 |[39m      
       [32m"UPDATE users 
SET role = 'vendor', 
business_name = 'Original 
Corp', business_city = 
'New York' WHERE id = 
$1"[39m[33m,[39m
     [90m 37 |[39m      
       [vendorId]
     [90m 38 |[39m      
   )[33m;[39m[0m

      at node_modules/pg-p
ool/index.js:45:11
      at 
Object.<anonymous> (tests/
integration/profile.securi
ty.test.js:35:9)

  ΓùÅ Profile & Security 
Integration ΓÇ║ Γ£ö 
Password Reset Flow

    error: column 
"business_name" of 
relation "users" does not 
exist

    [0m [90m 33 |[39m  
       
     [90m 34 |[39m      
   [90m// Promote to 
vendor with business 
details[39m
    
[31m[1m>[22m[39m[90m 
35 |[39m         
[36mawait[39m 
pool[33m.[39mquery(
     [90m    |[39m      
   [31m[1m^[22m[39m
     [90m 36 |[39m      
       [32m"UPDATE users 
SET role = 'vendor', 
business_name = 'Original 
Corp', business_city = 
'New York' WHERE id = 
$1"[39m[33m,[39m
     [90m 37 |[39m      
       [vendorId]
     [90m 38 |[39m      
   )[33m;[39m[0m

      at node_modules/pg-p
ool/index.js:45:11
      at 
Object.<anonymous> (tests/
integration/profile.securi
ty.test.js:35:9)

  ΓùÅ Profile & Security 
Integration ΓÇ║ Γ£ö 
Notifications flow

    error: column 
"business_name" of 
relation "users" does not 
exist

    [0m [90m 33 |[39m  
       
     [90m 34 |[39m      
   [90m// Promote to 
vendor with business 
details[39m
    
[31m[1m>[22m[39m[90m 
35 |[39m         
[36mawait[39m 
pool[33m.[39mquery(
     [90m    |[39m      
   [31m[1m^[22m[39m
     [90m 36 |[39m      
       [32m"UPDATE users 
SET role = 'vendor', 
business_name = 'Original 
Corp', business_city = 
'New York' WHERE id = 
$1"[39m[33m,[39m
     [90m 37 |[39m      
       [vendorId]
     [90m 38 |[39m      
   )[33m;[39m[0m

      at node_modules/pg-p
ool/index.js:45:11
      at 
Object.<anonymous> (tests/
integration/profile.securi
ty.test.js:35:9)

[0mPOST /auth/verify-otp [32m200[0m 244.524 ms - 234[0m
[0mGET /test/auth [32m200[0m 2.655 ms - 76[0m
[0mPOST /auth/register [32m201[0m 271.133 ms - 76[0m
[0mPOST /auth/verify-otp [32m200[0m 261.081 ms - 234[0m
[0mPOST /auth/register [32m201[0m 233.059 ms - 76[0m
[0mPOST /auth/verify-otp [32m200[0m 233.385 ms - 234[0m
[0mPOST /auth/login [32m200[0m 231.172 ms - 231[0m
[0mPOST /bookings [32m201[0m 16.871 ms - 374[0m
[0mPOST /services [32m201[0m 17.258 ms - 310[0m
[0mPOST /bookings/items [32m201[0m 1626.450 ms - 399[0m
[0mPATCH /vendors/booking-requests/113a130c-71ce-4a67-87ff-9c69ffe21bb1 [32m200[0m 446.238 ms - 400[0m
[0mPATCH /bookings/items/113a130c-71ce-4a67-87ff-9c69ffe21bb1/select [32m200[0m 14.818 ms - 42[0m
[0mPATCH /bookings/items/113a130c-71ce-4a67-87ff-9c69ffe21bb1/complete [32m200[0m 447.278 ms - 400[0m
[0mPOST /reviews [32m201[0m 18.086 ms - 225[0m
[0mGET /reviews/vendors/48be520e-7048-4ee2-b375-634c58ce8ed7/ratings [32m200[0m 10.201 ms - 38[0m
[0mGET /reviews/vendors/48be520e-7048-4ee2-b375-634c58ce8ed7/reviews [32m200[0m 10.104 ms - 167[0m
[0mGET /reviews/vendors/48be520e-7048-4ee2-b375-634c58ce8ed7/reviews?min_rating=5 [32m200[0m 3.672 ms - 167[0m
[0mGET /vendors/48be520e-7048-4ee2-b375-634c58ce8ed7 [32m200[0m 9.088 ms - 427[0m
PASS tests/integration/ven
dor.rating.test.js (5.21 
s)
  ΓùÅ Console

    console.log
      [dotenv@17.3.1] 
injecting env (17) from 
.env -- tip: ΓÜÖ∩╕Å  
specify custom .env file 
path with { path: 
'/custom/path/.env' }

      at _log (node_module
s/dotenv/lib/main.js:139:1
1)

    console.log
      [dotenv@17.3.1] 
injecting env (0) from 
.env -- tip: ≡ƒ¢á∩╕Å  run 
anywhere with `dotenvx 
run -- yourcommand`

      at _log (node_module
s/dotenv/lib/main.js:139:1
1)

    console.log
      REVIEW RESPONSE: {
        id: 'd1e32502-8fdb
-4184-95d9-6cfe78261dad',
        booking_item_id: '
113a130c-71ce-4a67-87ff-9c
69ffe21bb1',
        customer_id: 'aa86
5387-cb78-4837-aebb-363471
ad9991',
        rating: 5,
        comment: 'Great!',
        created_at: 
2026-04-05T15:34:07.240Z
      }

      at log (src/controll
ers/review.controller.js:1
6:13)

    console.log
      RATINGS: { 
average_rating: 5, 
total_reviews: 1 }

      at log (src/controll
ers/review.controller.js:2
4:13)

    console.log
      RATING RESPONSE: { 
average_rating: 5, 
total_reviews: 1 }

      at Object.log (tests
/integration/vendor.rating
.test.js:177:17)

    console.log
      REVIEWS: [
        {
          id: 'd1e32502-8f
db-4184-95d9-6cfe78261dad'
,
          rating: 5,
          comment: 
'Great!',
          created_at: 
2026-04-05T15:34:07.240Z,
          customer_name: 
'Customer',
          media: []
        }
      ]

      at log (src/controll
ers/review.controller.js:3
5:13)

    console.log
      REVIEWS RESPONSE: {
        reviews: [
          {
            id: 'd1e32502-
8fdb-4184-95d9-6cfe78261da
d',
            rating: 5,
            comment: 
'Great!',
            created_at: '2
026-04-05T15:34:07.240Z',
            
customer_name: 'Customer',
            media: []
          }
        ]
      }

      at Object.log (tests
/integration/vendor.rating
.test.js:192:13)

    console.log
      REVIEWS: [
        {
          id: 'd1e32502-8f
db-4184-95d9-6cfe78261dad'
,
          rating: 5,
          comment: 
'Great!',
          created_at: 
2026-04-05T15:34:07.240Z,
          customer_name: 
'Customer',
          media: []
        }
      ]

      at log (src/controll
ers/review.controller.js:3
5:13)

    console.log
      FILTERED REVIEWS: {
        reviews: [
          {
            id: 'd1e32502-
8fdb-4184-95d9-6cfe78261da
d',
            rating: 5,
            comment: 
'Great!',
            created_at: '2
026-04-05T15:34:07.240Z',
            
customer_name: 'Customer',
            media: []
          }
        ]
      }

      at Object.log (tests
/integration/vendor.rating
.test.js:210:13)

    console.log
      VENDOR PROFILE: {
        id: '48be520e-7048
-4ee2-b375-634c58ce8ed7',
        full_name: 
'Vendor',
        availability: [],
        rating: { 
average_rating: 5, 
total_reviews: 1 },
        services: [
          {
            id: 'a9b1a54c-
12ca-413f-a115-b2b04e89340
5',
            title: 
'Photography',
            price: 
'10000.00',
            price_type: 
'fixed'
          }
        ],
        reviews_preview: [
          {
            id: 'd1e32502-
8fdb-4184-95d9-6cfe78261da
d',
            rating: 5,
            comment: 
'Great!',
            created_at: 
2026-04-05T15:34:07.240Z,
            
customer_name: 'Customer',
            media: []
          }
        ]
      }

      at log (src/controll
ers/vendor.controller.js:3
2:13)

    console.log
      PROFILE RESPONSE: {
        id: '48be520e-7048
-4ee2-b375-634c58ce8ed7',
        full_name: 
'Vendor',
        availability: [],
        rating: { 
average_rating: 5, 
total_reviews: 1 },
        services: [
          {
            id: 'a9b1a54c-
12ca-413f-a115-b2b04e89340
5',
            title: 
'Photography',
            price: 
'10000.00',
            price_type: 
'fixed'
          }
        ],
        reviews_preview: [
          {
            id: 'd1e32502-
8fdb-4184-95d9-6cfe78261da
d',
            rating: 5,
            comment: 
'Great!',
            created_at: '2
026-04-05T15:34:07.240Z',
            
customer_name: 'Customer',
            media: []
          }
        ]
      }

      at Object.log (tests
/integration/vendor.rating
.test.js:224:13)

    console.log
      SEARCH RESULT: [
        {
          id: '48be520e-70
48-4ee2-b375-634c58ce8ed7'
,
          full_name: 
'Vendor',
          average_rating: 
5,
          total_reviews: 
1,
          services: [ 
'Photography' ],
          is_available: 
true
        }
      ]

      at log (src/controll
ers/vendor.controller.js:4
0:13)

    console.log
      SEARCH RESPONSE: {
        vendors: [
          {
            id: '48be520e-
7048-4ee2-b375-634c58ce8ed
7',
            full_name: 
'Vendor',
            
average_rating: 5,
            
total_reviews: 1,
            services: 
[Array],
            is_available: 
true
          }
        ]
      }

      at Object.log (tests
/integration/vendor.rating
.test.js:240:13)

[0mGET /vendors [32m200[0m 5.411 ms - 164[0m
[0mPOST /auth/register [32m201[0m 266.168 ms - 76[0m
[0mPOST /auth/verify-otp [32m200[0m 247.960 ms - 234[0m
[0mPOST /bookings [32m201[0m 10.540 ms - 378[0m
[0mPOST /auth/register [32m201[0m 237.636 ms - 76[0m
[0mPOST /auth/verify-otp [32m200[0m 234.988 ms - 234[0m
[0mPOST /auth/login [32m200[0m 238.580 ms - 231[0m
[0mPOST /services [32m201[0m 16.732 ms - 317[0m
[0mPOST /auth/register [32m201[0m 232.146 ms - 76[0m
[0mPOST /auth/verify-otp [32m200[0m 232.515 ms - 234[0m
[0mPOST /auth/login [32m200[0m 231.607 ms - 231[0m
[0mPOST /bookings/items [32m201[0m 462.490 ms - 399[0m
[0mPOST /bookings/items [32m201[0m 450.851 ms - 399[0m
[0mPATCH /vendors/booking-requests/45917d63-c7eb-4549-af52-0bd6607fb81f [32m200[0m 425.072 ms - 406[0m
[0mPATCH /bookings/items/45917d63-c7eb-4549-af52-0bd6607fb81f/select [32m200[0m 10.731 ms - 42[0m
[0mGET /bookings/679878dc-b2d6-4957-8edc-3dbf09770b4d [32m200[0m 5.402 ms - 1344[0m
[0mPOST /auth/register [32m201[0m 227.684 ms - 76[0m
PASS tests/integration/boo
king.flow.test.js (5.285 
s)
  ΓùÅ Console

    console.log
      [dotenv@17.3.1] 
injecting env (17) from 
.env -- tip: ≡ƒ¢í∩╕Å auth 
for agents: 
https://vestauth.com

      at _log (node_module
s/dotenv/lib/main.js:139:1
1)

    console.log
      [dotenv@17.3.1] 
injecting env (0) from 
.env -- tip: ΓÜÖ∩╕Å  
override existing env 
vars with { override: 
true }

      at _log (node_module
s/dotenv/lib/main.js:139:1
1)

    console.log
      {
        id: '679878dc-b2d6
-4957-8edc-3dbf09770b4d',
        
booking_reference: 
'EVT-1775403249280',
        customer_id: 'd6a7
554d-a83b-4e4a-b70e-093a03
ed2528',
        title: 'Test 
Wedding',
        event_start: '2026
-02-10T09:00:00.000Z',
        event_end: '2026-0
2-12T23:00:00.000Z',
        location: 'Delhi',
        guest_count: 200,
        status: 
'planning',
        created_at: '2026-
04-05T15:34:09.281Z',
        updated_at: '2026-
04-05T15:34:09.281Z',
        items: [
          {
            id: '45917d63-
c7eb-4549-af52-0bd6607fb81
f',
            booking_id: '6
79878dc-b2d6-4957-8edc-3db
f09770b4d',
            service_id: '1
9e4b34d-7b85-426e-a8a2-682
ae113fe00',
            vendor_id: '55
30f78f-29a4-414a-8657-93c6
ce4c8e37',
            price_quote: 
'50000.00',
            status: 
'accepted',
            is_selected: 
true,
            cancelled_by: 
null,
            
cancel_reason: null,
            cancelled_at: 
null,
            created_at: '2
026-04-05T15:34:10.775Z',
            updated_at: '2
026-04-05T15:34:12.121Z',
            
service_title: 
'Photography',
            vendor_name: 
'Vendor User 1'
          },
          {
            id: '2ae5b4f4-
54c6-472f-8f19-eb8acd4d92f
a',
            booking_id: '6
79878dc-b2d6-4957-8edc-3db
f09770b4d',
            service_id: '1
9e4b34d-7b85-426e-a8a2-682
ae113fe00',
            vendor_id: 'e9
c4b851-9c32-4a92-b854-8663
678f4ad0',
            price_quote: 
null,
            status: 
'cancelled',
            is_selected: 
false,
            cancelled_by: 
'customer',
            
cancel_reason: null,
            cancelled_at: 
'2026-04-05T15:34:12.121Z'
,
            created_at: '2
026-04-05T15:34:11.234Z',
            updated_at: '2
026-04-05T15:34:12.121Z',
            
service_title: 
'Photography',
            vendor_name: 
'Vendor User 2'
          }
        ]
      }

      at Object.log (tests
/integration/booking.flow.
test.js:244:13)

    console.error
      Error: Unauthorized
          at 
getBookingDetails (D:\pyth
on\github\Utsavya\src\serv
ices\booking.services.js:2
81:15)
          at 
processTicksAndRejections 
(node:internal/process/tas
k_queues:95:5)
          at D:\python\git
hub\Utsavya\src\controller
s\booking.controller.js:10
1:20

    [0m [90m 91 |[39m 
[90m// Global Error 
Handler[39m
     [90m 92 |[39m app[
33m.[39muse((err[33m,[3
9m req[33m,[39m 
res[33m,[39m next) 
[33m=>[39m {
    
[31m[1m>[22m[39m[90m 
93 |[39m     console[33m
.[39merror(err[33m.[39m
stack)[33m;[39m
     [90m    |[39m      
       
[31m[1m^[22m[39m
     [90m 94 |[39m     
[36mconst[39m status 
[33m=[39m 
err[33m.[39mstatus 
[33m||[39m 
[35m500[39m[33m;[39m
     [90m 95 |[39m     
[36mconst[39m message 
[33m=[39m 
err[33m.[39mmessage 
[33m||[39m 
[32m"Internal Server 
Error"[39m[33m;[39m
     [90m 96 |[39m     r
es[33m.[39mstatus(status
)[33m.[39mjson({ 
message })[33m;[39m[0m

      at error 
(src/index.js:93:13)
      at 
Layer.handleError (node_mo
dules/router/lib/layer.js:
116:17)
      at trimPrefix (node_
modules/router/index.js:34
0:13)
      at node_modules/rout
er/index.js:297:9
      at processParams (no
de_modules/router/index.js
:582:12)
      at next (node_module
s/router/index.js:291:5)
      at node_modules/rout
er/index.js:688:15
      at next (node_module
s/router/index.js:276:14)
      at next (node_module
s/router/lib/route.js:132:
14)
      at next (src/utils/a
syncHandler.js:9:9)

    console.log
      { message: 
'Unauthorized' }

      at Object.log (tests
/integration/booking.flow.
test.js:283:13)

[0mPOST /auth/verify-otp [32m200[0m 245.306 ms - 234[0m
[0mGET /bookings/679878dc-b2d6-4957-8edc-3dbf09770b4d [33m400[0m 15.165 ms - 26[0m
[0mPOST /auth/register [32m201[0m 378.332 ms - 76[0m
[0mPOST /auth/verify-otp [32m200[0m 242.075 ms - 234[0m
[0mPOST /auth/login [32m200[0m 231.546 ms - 234[0m
[0mPOST /auth/register [32m201[0m 232.030 ms - 76[0m
[0mPOST /auth/verify-otp [32m200[0m 233.939 ms - 234[0m
[0mPOST /auth/login [32m200[0m 232.623 ms - 234[0m
[0mPOST /auth/register [32m201[0m 230.860 ms - 76[0m
[0mPOST /auth/verify-otp [32m200[0m 234.311 ms - 234[0m
[0mGET /vendors/search?city=Dubai&min_price=200&max_price=400 [32m200[0m 20.794 ms - 183[0m
[0mPOST /auth/refresh [32m200[0m 127.228 ms - 234[0m
[0mPOST /bookings [32m201[0m 7.102 ms - 382[0m
[0mPOST /bookings/items [32m201[0m 454.501 ms - 399[0m
[0mPATCH /bookings/34739783-6674-4f60-9697-ff45116179b0 [32m200[0m 469.494 ms - 662[0m
PASS tests/integration/mas
ter.feature.test.js
  ΓùÅ Console

    console.log
      [dotenv@17.3.1] 
injecting env (17) from 
.env -- tip: ≡ƒöÉ encrypt 
with Dotenvx: 
https://dotenvx.com

      at _log (node_module
s/dotenv/lib/main.js:139:1
1)

    console.log
      [dotenv@17.3.1] 
injecting env (0) from 
.env -- tip: ≡ƒ¢í∩╕Å auth 
for agents: 
https://vestauth.com

      at _log (node_module
s/dotenv/lib/main.js:139:1
1)

    console.log
      SEARCH RESULT: [
        {
          id: '4b5cc8f5-0d
14-44c1-9a94-649feb4aed59'
,
          full_name: 
'Vendor B (Catering)',
          average_rating: 
0,
          total_reviews: 
0,
          services: [ 
'Standard Catering' ],
          is_available: 
true
        }
      ]

      at log (src/controll
ers/vendor.controller.js:4
0:13)

[0mDELETE /auth/profile [32m200[0m 477.394 ms - 57[0m
[0mPOST /auth/register [32m201[0m 279.724 ms - 76[0m
[0mPOST /auth/verify-otp [32m200[0m 246.140 ms - 234[0m
[0mPOST /auth/register [32m201[0m 232.845 ms - 76[0m
[0mPOST /auth/verify-otp [32m200[0m 236.971 ms - 234[0m
[0mPOST /auth/login [32m200[0m 235.993 ms - 231[0m
[0mPOST /bookings [32m201[0m 16.175 ms - 374[0m
[0mPOST /services [32m201[0m 14.421 ms - 310[0m
[0mPOST /bookings/items [32m201[0m 472.085 ms - 399[0m
[0mPATCH /vendors/booking-requests/af09733f-9eb5-4c73-b29d-6e3cffaa1268 [32m200[0m 436.810 ms - 400[0m
[0mPATCH /bookings/items/af09733f-9eb5-4c73-b29d-6e3cffaa1268/select [32m200[0m 9.136 ms - 42[0m
[0mPOST /reviews [33m400[0m 12.460 ms - 33[0m
PASS tests/integration/rev
iew.test.js
  ΓùÅ Console

    console.log
      [dotenv@17.3.1] 
injecting env (17) from 
.env -- tip: ΓÜÖ∩╕Å  
suppress all logs with { 
quiet: true }

      at _log (node_module
s/dotenv/lib/main.js:139:1
1)

    console.log
      [dotenv@17.3.1] 
injecting env (0) from 
.env -- tip: ΓÜÖ∩╕Å  
suppress all logs with { 
quiet: true }

      at _log (node_module
s/dotenv/lib/main.js:139:1
1)

    console.error
      Error: Event not 
completed
          at createReview 
(D:\python\github\Utsavya\
src\services\review.servic
es.js:42:15)
          at 
processTicksAndRejections 
(node:internal/process/tas
k_queues:95:5)
          at D:\python\git
hub\Utsavya\src\controller
s\review.controller.js:15:
20

    [0m [90m 91 |[39m 
[90m// Global Error 
Handler[39m
     [90m 92 |[39m app[
33m.[39muse((err[33m,[3
9m req[33m,[39m 
res[33m,[39m next) 
[33m=>[39m {
    
[31m[1m>[22m[39m[90m 
93 |[39m     console[33m
.[39merror(err[33m.[39m
stack)[33m;[39m
     [90m    |[39m      
       
[31m[1m^[22m[39m
     [90m 94 |[39m     
[36mconst[39m status 
[33m=[39m 
err[33m.[39mstatus 
[33m||[39m 
[35m500[39m[33m;[39m
     [90m 95 |[39m     
[36mconst[39m message 
[33m=[39m 
err[33m.[39mmessage 
[33m||[39m 
[32m"Internal Server 
Error"[39m[33m;[39m
     [90m 96 |[39m     r
es[33m.[39mstatus(status
)[33m.[39mjson({ 
message })[33m;[39m[0m

      at error 
(src/index.js:93:13)
      at 
Layer.handleError (node_mo
dules/router/lib/layer.js:
116:17)
      at trimPrefix (node_
modules/router/index.js:34
0:13)
      at node_modules/rout
er/index.js:297:9
      at processParams (no
de_modules/router/index.js
:582:12)
      at next (node_module
s/router/index.js:291:5)
      at node_modules/rout
er/index.js:688:15
      at next (node_module
s/router/index.js:276:14)
      at next (node_module
s/router/lib/route.js:132:
14)
      at next (src/utils/a
syncHandler.js:9:9)

    console.log
      BEFORE COMPLETION: 
{ message: 'Event not 
completed' }

      at Object.log (tests
/integration/review.test.j
s:166:17)

    console.log
      COMPLETE RESPONSE: {
        id: 'af09733f-9eb5
-4c73-b29d-6e3cffaa1268',
        booking_id: '2b9f6
d68-573b-4bca-a60c-b67d55c
4504a',
        service_id: 'f39f5
299-189f-4b1c-aa7d-1eebb82
97597',
        vendor_id: '5e56be
4f-5d5b-4b11-8f28-787e9e7a
cc37',
        price_quote: null,
        status: 
'completed',
        is_selected: true,
        cancelled_by: 
null,
        cancel_reason: 
null,
        cancelled_at: 
null,
        created_at: '2026-
04-05T15:34:19.815Z',
        updated_at: 
'2026-04-05T15:34:20.765Z'
      }

      at Object.log (tests
/integration/review.test.j
s:177:17)

    console.log
      REVIEW RESPONSE: {
        id: '1959677a-73c6
-45ab-ac74-6d69d5bf444d',
        booking_item_id: '
af09733f-9eb5-4c73-b29d-6e
3cffaa1268',
        customer_id: 'd706
5b92-e88b-41c0-89d3-efbba1
be7a50',
        rating: 5,
        comment: 'Amazing 
service',
        created_at: 
2026-04-05T15:34:21.216Z
      }

      at log (src/controll
ers/review.controller.js:1
6:13)

    console.log
      REVIEW CREATED: {
        id: '1959677a-73c6
-45ab-ac74-6d69d5bf444d',
        booking_item_id: '
af09733f-9eb5-4c73-b29d-6e
3cffaa1268',
        customer_id: 'd706
5b92-e88b-41c0-89d3-efbba1
be7a50',
        rating: 5,
        comment: 'Amazing 
service',
        created_at: 
'2026-04-05T15:34:21.216Z'
      }

      at Object.log (tests
/integration/review.test.j
s:193:17)

    console.error
      error: duplicate 
key value violates unique 
constraint "reviews_bookin
g_item_id_customer_id_key"
          at D:\python\git
hub\Utsavya\node_modules\p
g-pool\index.js:45:11
          at 
processTicksAndRejections 
(node:internal/process/tas
k_queues:95:5)
          at createReview 
(D:\python\github\Utsavya\
src\services\review.servic
es.js:74:22)
          at D:\python\git
hub\Utsavya\src\controller
s\review.controller.js:15:
20

    [0m [90m 91 |[39m 
[90m// Global Error 
Handler[39m
     [90m 92 |[39m app[
33m.[39muse((err[33m,[3
9m req[33m,[39m 
res[33m,[39m next) 
[33m=>[39m {
    
[31m[1m>[22m[39m[90m 
93 |[39m     console[33m
.[39merror(err[33m.[39m
stack)[33m;[39m
     [90m    |[39m      
       
[31m[1m^[22m[39m
     [90m 94 |[39m     
[36mconst[39m status 
[33m=[39m 
err[33m.[39mstatus 
[33m||[39m 
[35m500[39m[33m;[39m
     [90m 95 |[39m     
[36mconst[39m message 
[33m=[39m 
err[33m.[39mmessage 
[33m||[39m 
[32m"Internal Server 
Error"[39m[33m;[39m
     [90m 96 |[39m     r
es[33m.[39mstatus(status
)[33m.[39mjson({ 
message })[33m;[39m[0m

      at error 
(src/index.js:93:13)
      at 
Layer.handleError (node_mo
dules/router/lib/layer.js:
116:17)
      at trimPrefix (node_
modules/router/index.js:34
0:13)
      at node_modules/rout
er/index.js:297:9
      at processParams (no
de_modules/router/index.js
:582:12)
      at next (node_module
s/router/index.js:291:5)
      at node_modules/rout
er/index.js:688:15
      at next (node_module
s/router/index.js:276:14)
      at next (node_module
s/router/lib/route.js:132:
14)
      at next (src/utils/a
syncHandler.js:9:9)

    console.log
      DUPLICATE RESPONSE: 
{
        message: 
'duplicate key value 
violates unique 
constraint "reviews_bookin
g_item_id_customer_id_key"
'
      }

      at Object.log (tests
/integration/review.test.j
s:209:17)

[0mPATCH /bookings/items/af09733f-9eb5-4c73-b29d-6e3cffaa1268/complete [32m200[0m 442.576 ms - 400[0m
[0mPOST /reviews [32m201[0m 11.820 ms - 234[0m
[0mPOST /reviews [33m400[0m 16.410 ms - 104[0m
[0mPOST /auth/register [32m201[0m 358.582 ms - 76[0m
[0mPOST /auth/verify-otp [32m200[0m 242.384 ms - 234[0m
[0mPOST /auth/login [32m200[0m 233.440 ms - 234[0m
[0mPOST /auth/register [32m201[0m 229.956 ms - 76[0m
[0mPOST /auth/verify-otp [32m200[0m 233.064 ms - 234[0m
[0mPOST /auth/login [32m200[0m 231.137 ms - 234[0m
[0mPOST /bookings [32m201[0m 8.752 ms - 389[0m
[0mPOST /bookings/items [32m201[0m 477.077 ms - 399[0m
[0mPATCH /bookings/907e9045-40f8-4c37-8e34-e6efa1370b89 [32m200[0m 7.481 ms - 476[0m
PASS tests/integration/boo
king.edit.test.js
  ΓùÅ Console

    console.log
      [dotenv@17.3.1] 
injecting env (17) from 
.env -- tip: ΓÜÖ∩╕Å  load 
multiple .env files with 
{ path: ['.env.local', 
'.env'] }

      at _log (node_module
s/dotenv/lib/main.js:139:1
1)

    console.log
      [dotenv@17.3.1] 
injecting env (0) from 
.env -- tip: ≡ƒöÉ encrypt 
with Dotenvx: 
https://dotenvx.com

      at _log (node_module
s/dotenv/lib/main.js:139:1
1)

[0mPATCH /bookings/907e9045-40f8-4c37-8e34-e6efa1370b89 [32m200[0m 505.868 ms - 476[0m
[0mPOST /auth/register [32m201[0m 351.335 ms - 76[0m
[0mPOST /auth/verify-otp [32m200[0m 243.280 ms - 234[0m
[0mPOST /auth/login [32m200[0m 236.892 ms - 234[0m
[0mGET /test/auth [32m200[0m 2.346 ms - 76[0m
[0mPOST /auth/login [32m200[0m 229.603 ms - 230[0m
[0mPOST /auth/register [32m201[0m 230.069 ms - 76[0m
[0mPOST /auth/verify-otp [32m200[0m 231.518 ms - 234[0m
[0mPOST /auth/register [32m201[0m 231.076 ms - 76[0m
[0mPOST /auth/verify-otp [32m200[0m 234.106 ms - 234[0m
[0mGET /test/auth [32m200[0m 2.321 ms - 76[0m
[0mPOST /vendors/request [32m201[0m 7.828 ms - 344[0m
[0mGET /api/admin/stats [32m200[0m 26.585 ms - 265[0m
[0mGET /api/admin/vendor-requests [32m200[0m 5.189 ms - 459[0m
[0mPOST /vendors/f5490643-a829-44ed-96ed-b98194b1fda2/report [32m201[0m 6.875 ms - 335[0m
[0mGET /api/admin/moderation [32m200[0m 4.744 ms - 201[0m
[0mGET /api/admin/stats [33m403[0m 1.865 ms - 49[0m
PASS tests/integration/adm
in.dashboard.test.js
  ΓùÅ Console

    console.log
      [dotenv@17.3.1] 
injecting env (17) from 
.env -- tip: ΓÜÖ∩╕Å  load 
multiple .env files with 
{ path: ['.env.local', 
'.env'] }

      at _log (node_module
s/dotenv/lib/main.js:139:1
1)

    console.log
      [dotenv@17.3.1] 
injecting env (0) from 
.env -- tip: ≡ƒöÉ prevent 
building .env in docker: h
ttps://dotenvx.com/prebuil
d

      at _log (node_module
s/dotenv/lib/main.js:139:1
1)

[0mPATCH /api/admin/users/f5490643-a829-44ed-96ed-b98194b1fda2/block [32m200[0m 439.841 ms - 218[0m
[0mPOST /auth/register [32m201[0m 265.265 ms - 76[0m
[0mPOST /auth/verify-otp [32m200[0m 245.811 ms - 234[0m
[0mPOST /bookings [32m201[0m 13.146 ms - 377[0m
[0mPOST /payments [32m201[0m 14.156 ms - 343[0m
PASS tests/integration/pay
ment.test.js
  ΓùÅ Console

    console.log
      [dotenv@17.3.1] 
injecting env (17) from 
.env -- tip: ΓÜÖ∩╕Å  
write to custom object 
with { processEnv: 
myObject }

      at _log (node_module
s/dotenv/lib/main.js:139:1
1)

    console.log
      [dotenv@17.3.1] 
injecting env (0) from 
.env -- tip: ≡ƒñû agentic 
secret storage: 
https://dotenvx.com/as2

      at _log (node_module
s/dotenv/lib/main.js:139:1
1)

    console.log
      BOOKING CREATED: {
        id: '95ef2ece-ded6
-428b-ad76-f3403c5aed03',
        
booking_reference: 
'EVT-1775403269825',
        customer_id: '585b
993a-a80d-4b18-bcae-47c1dc
0a18d9',
        title: 'Payment 
Event',
        event_start: '2026
-02-10T09:00:00.000Z',
        event_end: '2026-0
2-12T23:00:00.000Z',
        location: null,
        guest_count: null,
        status: 
'planning',
        created_at: '2026-
04-05T15:34:29.826Z',
        updated_at: 
'2026-04-05T15:34:29.826Z'
      }

      at Object.log (tests
/integration/payment.test.
js:72:17)

    console.log
      PAYMENT CREATED: {
        payment: {
          id: '6ce1b958-bd
60-45dc-9967-c6478b0cd85b'
,
          booking_id: '95e
f2ece-ded6-428b-ad76-f3403
c5aed03',
          amount: 
'50002.00',
          status: 
'initiated',
          
stripe_session_id: 
'cs_test_mock123',
          
payment_intent_id: null,
          created_at: 
2026-04-05T15:34:29.846Z,
          updated_at: 
2026-04-05T15:34:29.846Z
        },
        checkout_url: 'htt
ps://checkout.stripe.com/m
ock'
      }

      at log (src/controll
ers/payment.controller.js:
18:13)

    console.log
      CREATE PAYMENT: {
        payment: {
          id: '6ce1b958-bd
60-45dc-9967-c6478b0cd85b'
,
          booking_id: '95e
f2ece-ded6-428b-ad76-f3403
c5aed03',
          amount: 
'50002.00',
          status: 
'initiated',
          
stripe_session_id: 
'cs_test_mock123',
          
payment_intent_id: null,
          created_at: '202
6-04-05T15:34:29.846Z',
          updated_at: 
'2026-04-05T15:34:29.846Z'
        },
        checkout_url: 'htt
ps://checkout.stripe.com/m
ock'
      }

      at Object.log (tests
/integration/payment.test.
js:85:17)

    console.log
      PAYMENT SUCCESS: { 
received: true }

      at Object.log (tests
/integration/payment.test.
js:111:17)

    console.log
      DB PAYMENT STATUS: 
{ status: 'successful' }

      at Object.log (tests
/integration/payment.test.
js:124:17)

    console.log
      UNAUTHORIZED 
RESPONSE: { message: 
'Authentication required' 
}

      at Object.log (tests
/integration/payment.test.
js:138:17)

[0mPOST /payments/webhook [32m200[0m 440.500 ms - 17[0m
[0mPOST /payments [33m401[0m 1.736 ms - 37[0m
[0mPOST /auth/register [32m201[0m 271.478 ms - 76[0m
[0mPOST /auth/verify-otp [32m200[0m 241.447 ms - 234[0m
[0mPOST /auth/login [32m200[0m 231.815 ms - 234[0m
[0mPOST /auth/login [32m200[0m 239.066 ms - 234[0m
[0mPOST /auth/refresh [32m200[0m 123.863 ms - 234[0m
PASS tests/integration/aut
h.test.js
  ΓùÅ Console

    console.log
      [dotenv@17.3.1] 
injecting env (17) from 
.env -- tip: ΓÜÖ∩╕Å  
override existing env 
vars with { override: 
true }

      at _log (node_module
s/dotenv/lib/main.js:139:1
1)

    console.log
      [dotenv@17.3.1] 
injecting env (0) from 
.env -- tip: ≡ƒöÉ encrypt 
with Dotenvx: 
https://dotenvx.com

      at _log (node_module
s/dotenv/lib/main.js:139:1
1)

    console.log
      VERIFY RESPONSE: {
        accessToken: 'eyJh
bGciOiJIUzI1NiIsInR5cCI6Ik
pXVCJ9.eyJ1c2VySWQiOiJmYmZ
iYjg5ZC1hNjgzLTRkZjEtYmE4Z
S1mMWEzYTY3MjZhZWMiLCJyb2x
lIjoiY3VzdG9tZXIiLCJpYXQiO
jE3NzU0MDMyNzEsImV4cCI6MTc
3NTQwNDE3MX0.wWkMeza4kYLzQ
obOD1rbcDLLSRKFWDj6u1tscfd
CHfU'
      }

      at Object.log (tests
/integration/auth.test.js:
41:17)

[0mPOST /auth/logout [32m200[0m 346.018 ms - 37[0m
[0mPOST /auth/refresh [33m401[0m 5.346 ms - 47[0m
[0mPOST /auth/register [32m201[0m 337.887 ms - 76[0m
[0mPOST /auth/verify-otp [32m200[0m 242.565 ms - 234[0m
[0mPOST /auth/register [32m201[0m 232.718 ms - 76[0m
[0mPOST /auth/verify-otp [32m200[0m 235.138 ms - 234[0m
PASS tests/integration/ven
dor.service.test.js
  ΓùÅ Console

    console.log
      [dotenv@17.3.1] 
injecting env (17) from 
.env -- tip: ΓÜí∩╕Å 
secrets for agents: 
https://dotenvx.com/as2

      at _log (node_module
s/dotenv/lib/main.js:139:1
1)

    console.log
      [dotenv@17.3.1] 
injecting env (0) from 
.env -- tip: ≡ƒöÉ prevent 
building .env in docker: h
ttps://dotenvx.com/prebuil
d

      at _log (node_module
s/dotenv/lib/main.js:139:1
1)

    console.log
      SERVICE RESPONSE: {
        id: '726c6888-cb86
-4da9-b848-690b0b36eb49',
        vendor_id: '0796df
3a-c034-46dd-9560-a1094d21
4dbf',
        title: 'Wedding 
Planning',
        description: 
'Complete wedding 
planning service',
        city: 'Delhi',
        price: 
'150000.00',
        price_type: 
'fixed',
        is_active: true,
        category: 'other',
        created_at: '2026-
04-05T15:34:35.038Z',
        updated_at: 
'2026-04-05T15:34:35.038Z'
      }

      at Object.log (tests
/integration/vendor.servic
e.test.js:88:17)

[0mPOST /auth/login [32m200[0m 232.340 ms - 231[0m
[0mPOST /services [32m201[0m 12.138 ms - 345[0m
[0mPOST /services [33m403[0m 2.974 ms - 49[0m
[0mPOST /services [33m401[0m 1.182 ms - 37[0m
[0mPOST /auth/register [32m201[0m 326.478 ms - 76[0m
[0mPOST /auth/verify-otp [32m200[0m 250.357 ms - 234[0m
PASS tests/integration/del
etion.test.js
  ΓùÅ Console

    console.log
      [dotenv@17.3.1] 
injecting env (17) from 
.env -- tip: ≡ƒöÉ prevent 
building .env in docker: h
ttps://dotenvx.com/prebuil
d

      at _log (node_module
s/dotenv/lib/main.js:139:1
1)

    console.log
      [dotenv@17.3.1] 
injecting env (0) from 
.env -- tip: ΓÜÖ∩╕Å  
write to custom object 
with { processEnv: 
myObject }

      at _log (node_module
s/dotenv/lib/main.js:139:1
1)

[0mDELETE /auth/profile [32m200[0m 1236.624 ms - 57[0m
[0mPOST /auth/register [32m201[0m 370.612 ms - 76[0m
[0mPOST /auth/verify-otp [32m200[0m 244.529 ms - 234[0m
[0mPOST /auth/register [32m201[0m 233.330 ms - 76[0m
[0mPOST /auth/verify-otp [32m200[0m 234.798 ms - 231[0m
[0mGET /test/auth [32m200[0m 2.474 ms - 74[0m
[0mPOST /bookings [32m201[0m 7.954 ms - 375[0m
[0mPOST /bookings/items [32m201[0m 28.931 ms - 399[0m
[0mPATCH /bookings/items/69b9966c-2ca6-4e15-a3b0-4cd65b8677bb/status [32m200[0m 6.900 ms - 405[0m
[0mPATCH /bookings/items/69b9966c-2ca6-4e15-a3b0-4cd65b8677bb/cancel [32m200[0m 18.040 ms - 295[0m
PASS tests/integration/ref
und.notify.test.js
  ΓùÅ Console

    console.log
      [dotenv@17.3.1] 
injecting env (17) from 
.env -- tip: ≡ƒöÉ prevent 
building .env in docker: h
ttps://dotenvx.com/prebuil
d

      at _log (node_module
s/dotenv/lib/main.js:139:1
1)

    console.log
      [dotenv@17.3.1] 
injecting env (0) from 
.env -- tip: ΓÜÖ∩╕Å  
write to custom object 
with { processEnv: 
myObject }

      at _log (node_module
s/dotenv/lib/main.js:139:1
1)

[0mPATCH /bookings/items/69b9966c-2ca6-4e15-a3b0-4cd65b8677bb/cancel [32m200[0m 9.620 ms - 294[0m
[0mPOST /auth/register [32m201[0m 342.005 ms - 76[0m
[0mPOST /auth/verify-otp [32m200[0m 244.259 ms - 234[0m
[0mPOST /auth/login [32m200[0m 239.991 ms - 234[0m
PASS tests/integration/rot
ation.test.js
  ΓùÅ Console

    console.log
      [dotenv@17.3.1] 
injecting env (17) from 
.env -- tip: ΓÜÖ∩╕Å  load 
multiple .env files with 
{ path: ['.env.local', 
'.env'] }

      at _log (node_module
s/dotenv/lib/main.js:139:1
1)

    console.log
      [dotenv@17.3.1] 
injecting env (0) from 
.env -- tip: ΓÜÖ∩╕Å  
write to custom object 
with { processEnv: 
myObject }

      at _log (node_module
s/dotenv/lib/main.js:139:1
1)

    console.error
      [NON-CRITICAL] 
Notification failed: 
insert or update on table 
"notifications" violates 
foreign key constraint "no
tifications_user_id_fkey"

    [0m [90m 480 |[39m 
                
[32m"Your account 
session was recently 
refreshed. If this was 
not you, please secure 
your 
account."[39m[33m,[39m
     [90m 481 |[39m     
            
[32m"system"[39m
    
[31m[1m>[22m[39m[90m 
482 |[39m             )[
33m.[39m[36mcatch[39m(e
rr [33m=>[39m console[3
3m.[39merror([32m"[NON-C
RITICAL] Notification 
failed:"[39m[33m,[39m e
rr[33m.[39mmessage))[33
m;[39m
     [90m     |[39m     
                          
     [31m[1m^[22m[39m
     [90m 483 |[39m     
    } [36mcatch[39m (e) 
{
     [90m 484 |[39m     
        console[33m.[39m
error([32m"[NON-CRITICAL]
 Failed to load 
notification 
service:"[39m[33m,[39m 
e[33m.[39mmessage)[33m;
[39m
     [90m 485 |[39m     
    }[0m

      at error (src/servic
es/auth.services.js:482:36
)

[0mPOST /auth/refresh [32m200[0m 128.458 ms - 234[0m
[0mPOST /auth/refresh [33m401[0m 4.512 ms - 47[0m
[0mPOST /auth/register [32m201[0m 342.971 ms - 76[0m
PASS tests/integration/ven
dor.request.test.js
  ΓùÅ Console

    console.log
      [dotenv@17.3.1] 
injecting env (17) from 
.env -- tip: ΓÜÖ∩╕Å  
override existing env 
vars with { override: 
true }

      at _log (node_module
s/dotenv/lib/main.js:139:1
1)

    console.log
      [dotenv@17.3.1] 
injecting env (0) from 
.env -- tip: ≡ƒñû agentic 
secret storage: 
https://dotenvx.com/as2

      at _log (node_module
s/dotenv/lib/main.js:139:1
1)

    console.log
      Vendor request 
response: {
        id: '5ed54f8a-5de7
-4e2b-9d46-a1a3615d1089',
        user_id: 'a1b28c75
-68c4-4c48-b60b-d752cca479
9b',
        business_name: 
'Dream Weddings',
        
business_description: 
'Premium wedding 
planners',
        city: 'Delhi',
        documents_url: 'ht
tps://cloudinary.com/docs.
pdf',
        status: 'pending',
        admin_note: null,
        reviewed_by: null,
        reviewed_at: null,
        created_at: '2026-
04-05T15:34:43.409Z',
        updated_at: 
'2026-04-05T15:34:43.409Z'
      }

      at Object.log (tests
/integration/vendor.reques
t.test.js:44:17)

    console.log
      Vendor request 
response: { message: 
'Authentication required' 
}

      at Object.log (tests
/integration/vendor.reques
t.test.js:59:17)

[0mPOST /auth/verify-otp [32m200[0m 240.601 ms - 234[0m
[0mPOST /vendors/request [32m201[0m 10.684 ms - 397[0m
[0mPOST /vendors/request [33m401[0m 1.405 ms - 37[0m
[0mPOST /auth/register [32m201[0m 337.371 ms - 76[0m
[0mPOST /auth/verify-otp [32m200[0m 243.655 ms - 234[0m
PASS tests/integration/ser
vice.media.test.js
  ΓùÅ Console

    console.log
      [dotenv@17.3.1] 
injecting env (17) from 
.env -- tip: ≡ƒöÉ encrypt 
with Dotenvx: 
https://dotenvx.com

      at _log (node_module
s/dotenv/lib/main.js:139:1
1)

    console.log
      [dotenv@17.3.1] 
injecting env (0) from 
.env -- tip: ≡ƒñû agentic 
secret storage: 
https://dotenvx.com/as2

      at _log (node_module
s/dotenv/lib/main.js:139:1
1)

    console.log
      Service Media 
Response: {
        id: 'fbffee76-8a9f
-46e6-a126-7b2b07f53fbd',
        service_id: '2cbf6
e4e-6629-42a5-a9e3-b9cdce0
d777e',
        media_url: 'https:
//mocked-cloudinary.com/te
st.jpg',
        media_type: 
'image',
        uploaded_by: '5e3a
2478-6eb6-4be4-964c-51cfbc
acae7f',
        created_at: 
'2026-04-05T15:34:45.090Z'
      }

      at Object.log (tests
/integration/service.media
.test.js:82:17)

    console.log
      View Media 
Response: [
        {
          id: 'fbffee76-8a
9f-46e6-a126-7b2b07f53fbd'
,
          service_id: '2cb
f6e4e-6629-42a5-a9e3-b9cdc
e0d777e',
          media_url: 'http
s://mocked-cloudinary.com/
test.jpg',
          media_type: 
'image',
          uploaded_by: '5e
3a2478-6eb6-4be4-964c-51cf
bcacae7f',
          created_at: 
'2026-04-05T15:34:45.090Z'
        }
      ]

      at Object.log (tests
/integration/service.media
.test.js:95:17)

    console.log
      Delete Media 
Response: {
        id: 'fbffee76-8a9f
-46e6-a126-7b2b07f53fbd',
        service_id: '2cbf6
e4e-6629-42a5-a9e3-b9cdce0
d777e',
        media_url: 'https:
//mocked-cloudinary.com/te
st.jpg',
        media_type: 
'image',
        uploaded_by: '5e3a
2478-6eb6-4be4-964c-51cfbc
acae7f',
        created_at: 
'2026-04-05T15:34:45.090Z'
      }

      at Object.log (tests
/integration/service.media
.test.js:107:17)

[0mPOST /auth/login [32m200[0m 235.234 ms - 231[0m
[0mPOST /services [32m201[0m 10.878 ms - 341[0m
[0mPOST /services/2cbf6e4e-6629-42a5-a9e3-b9cdce0d777e/media [32m201[0m 21.489 ms - 264[0m
[0mGET /services/2cbf6e4e-6629-42a5-a9e3-b9cdce0d777e/media [32m200[0m 3.121 ms - 266[0m
[0mDELETE /services/media/fbffee76-8a9f-46e6-a126-7b2b07f53fbd [32m200[0m 6.447 ms - 264[0m
[0mPOST /auth/register [32m201[0m 350.548 ms - 76[0m
PASS tests/integration/aut
h.middleware.test.js
  ΓùÅ Console

    console.log
      [dotenv@17.3.1] 
injecting env (17) from 
.env -- tip: ≡ƒöÉ prevent 
building .env in docker: h
ttps://dotenvx.com/prebuil
d

      at _log (node_module
s/dotenv/lib/main.js:139:1
1)

    console.log
      [dotenv@17.3.1] 
injecting env (0) from 
.env -- tip: ΓÜí∩╕Å 
secrets for agents: 
https://dotenvx.com/as2

      at _log (node_module
s/dotenv/lib/main.js:139:1
1)


Test Suites: 2 failed, 15 
passed, 17 total
Tests:       5 failed, 62 
passed, 67 total
Snapshots:   0 total
Time:        52.279 s, 
estimated 53 s
Ran all test suites.
[0mPOST /auth/verify-otp [32m200[0m 259.929 ms - 234[0m
[0mGET /test/auth [33m401[0m 1.302 ms - 37[0m
[0mGET /test/auth [33m401[0m 1.157 ms - 38[0m
[0mGET /test/auth [32m200[0m 2.480 ms - 76[0m
Jest did not exit one 
second after the test run 
has completed.

'This usually means that 
there are asynchronous 
operations that weren't 
stopped in your tests. 
Consider running Jest 
with 
`--detectOpenHandles` to 
troubleshoot this issue.
